Width of image: 640
Height of image: 400
Image saved to: /Users/darsh/Desktop/MyProjects/project-demos/public/gallery/landscape/red-component.jpg
Image saved to: /Users/darsh/Desktop/MyProjects/project-demos/public/gallery/landscape/green-component.jpg
Image saved to: /Users/darsh/Desktop/MyProjects/project-demos/public/gallery/landscape/blue-component.jpg
Image saved to: /Users/darsh/Desktop/MyProjects/project-demos/public/gallery/landscape/value-component.jpg
Image saved to: /Users/darsh/Desktop/MyProjects/project-demos/public/gallery/landscape/luma-component.jpg
Image saved to: /Users/darsh/Desktop/MyProjects/project-demos/public/gallery/landscape/intensity-component.jpg
Image saved to: /Users/darsh/Desktop/MyProjects/project-demos/public/gallery/landscape/horizontal-flip.jpg
Image saved to: /Users/darsh/Desktop/MyProjects/project-demos/public/gallery/landscape/vertical-flip.jpg
Image saved to: /Users/darsh/Desktop/MyProjects/project-demos/public/gallery/landscape/brighten.jpg
Image saved to: /Users/darsh/Desktop/MyProjects/project-demos/public/gallery/landscape/darken.jpg
Image saved to: /Users/darsh/Desktop/MyProjects/project-demos/public/gallery/landscape/rgb-split-r.jpg
Image saved to: /Users/darsh/Desktop/MyProjects/project-demos/public/gallery/landscape/rgb-split-g.jpg
Image saved to: /Users/darsh/Desktop/MyProjects/project-demos/public/gallery/landscape/rgb-split-b.jpg
Image saved to: /Users/darsh/Desktop/MyProjects/project-demos/public/gallery/landscape/rgb-combine.jpg
Image saved to: /Users/darsh/Desktop/MyProjects/project-demos/public/gallery/landscape/blur.jpg
Image saved to: /Users/darsh/Desktop/MyProjects/project-demos/public/gallery/landscape/sharpen.jpg
Image saved to: /Users/darsh/Desktop/MyProjects/project-demos/public/gallery/landscape/sepia.jpg
Image saved to: /Users/darsh/Desktop/MyProjects/project-demos/public/gallery/landscape/histogram.jpg
Image saved to: /Users/darsh/Desktop/MyProjects/project-demos/public/gallery/landscape/color-correct.jpg
Image saved to: /Users/darsh/Desktop/MyProjects/project-demos/public/gallery/landscape/levels-adjust.jpg
Image saved to: /Users/darsh/Desktop/MyProjects/project-demos/public/gallery/landscape/compress-50.jpg
Image saved to: /Users/darsh/Desktop/MyProjects/project-demos/public/gallery/landscape/compress-90.jpg
Image saved to: /Users/darsh/Desktop/MyProjects/project-demos/public/gallery/landscape/compress-98.jpg
Image saved to: /Users/darsh/Desktop/MyProjects/project-demos/public/gallery/landscape/blur-split.jpg
Image saved to: /Users/darsh/Desktop/MyProjects/project-demos/public/gallery/landscape/sepia-split.jpg
Image saved to: /Users/darsh/Desktop/MyProjects/project-demos/public/gallery/landscape/luma-split.jpg
Image saved to: /Users/darsh/Desktop/MyProjects/project-demos/public/gallery/landscape/levels-split.jpg
