Width of image: 639
Height of image: 640
Image saved to: /Users/darsh/Desktop/MyProjects/project-demos/public/gallery/earth/red-component.jpg
Image saved to: /Users/darsh/Desktop/MyProjects/project-demos/public/gallery/earth/green-component.jpg
Image saved to: /Users/darsh/Desktop/MyProjects/project-demos/public/gallery/earth/blue-component.jpg
Image saved to: /Users/darsh/Desktop/MyProjects/project-demos/public/gallery/earth/value-component.jpg
Image saved to: /Users/darsh/Desktop/MyProjects/project-demos/public/gallery/earth/luma-component.jpg
Image saved to: /Users/darsh/Desktop/MyProjects/project-demos/public/gallery/earth/intensity-component.jpg
Image saved to: /Users/darsh/Desktop/MyProjects/project-demos/public/gallery/earth/horizontal-flip.jpg
Image saved to: /Users/darsh/Desktop/MyProjects/project-demos/public/gallery/earth/vertical-flip.jpg
Image saved to: /Users/darsh/Desktop/MyProjects/project-demos/public/gallery/earth/brighten.jpg
Image saved to: /Users/darsh/Desktop/MyProjects/project-demos/public/gallery/earth/darken.jpg
Image saved to: /Users/darsh/Desktop/MyProjects/project-demos/public/gallery/earth/rgb-split-r.jpg
Image saved to: /Users/darsh/Desktop/MyProjects/project-demos/public/gallery/earth/rgb-split-g.jpg
Image saved to: /Users/darsh/Desktop/MyProjects/project-demos/public/gallery/earth/rgb-split-b.jpg
Image saved to: /Users/darsh/Desktop/MyProjects/project-demos/public/gallery/earth/rgb-combine.jpg
Image saved to: /Users/darsh/Desktop/MyProjects/project-demos/public/gallery/earth/blur.jpg
Image saved to: /Users/darsh/Desktop/MyProjects/project-demos/public/gallery/earth/sharpen.jpg
Image saved to: /Users/darsh/Desktop/MyProjects/project-demos/public/gallery/earth/sepia.jpg
Image saved to: /Users/darsh/Desktop/MyProjects/project-demos/public/gallery/earth/histogram.jpg
Image saved to: /Users/darsh/Desktop/MyProjects/project-demos/public/gallery/earth/color-correct.jpg
Image saved to: /Users/darsh/Desktop/MyProjects/project-demos/public/gallery/earth/levels-adjust.jpg
Image saved to: /Users/darsh/Desktop/MyProjects/project-demos/public/gallery/earth/compress-50.jpg
Image saved to: /Users/darsh/Desktop/MyProjects/project-demos/public/gallery/earth/compress-90.jpg
Image saved to: /Users/darsh/Desktop/MyProjects/project-demos/public/gallery/earth/compress-98.jpg
Image saved to: /Users/darsh/Desktop/MyProjects/project-demos/public/gallery/earth/blur-split.jpg
Image saved to: /Users/darsh/Desktop/MyProjects/project-demos/public/gallery/earth/sepia-split.jpg
Image saved to: /Users/darsh/Desktop/MyProjects/project-demos/public/gallery/earth/luma-split.jpg
Image saved to: /Users/darsh/Desktop/MyProjects/project-demos/public/gallery/earth/levels-split.jpg
