Width of image: 640
Height of image: 494
Image saved to: /Users/darsh/Desktop/MyProjects/project-demos/public/gallery/starry/red-component.jpg
Image saved to: /Users/darsh/Desktop/MyProjects/project-demos/public/gallery/starry/green-component.jpg
Image saved to: /Users/darsh/Desktop/MyProjects/project-demos/public/gallery/starry/blue-component.jpg
Image saved to: /Users/darsh/Desktop/MyProjects/project-demos/public/gallery/starry/value-component.jpg
Image saved to: /Users/darsh/Desktop/MyProjects/project-demos/public/gallery/starry/luma-component.jpg
Image saved to: /Users/darsh/Desktop/MyProjects/project-demos/public/gallery/starry/intensity-component.jpg
Image saved to: /Users/darsh/Desktop/MyProjects/project-demos/public/gallery/starry/horizontal-flip.jpg
Image saved to: /Users/darsh/Desktop/MyProjects/project-demos/public/gallery/starry/vertical-flip.jpg
Image saved to: /Users/darsh/Desktop/MyProjects/project-demos/public/gallery/starry/brighten.jpg
Image saved to: /Users/darsh/Desktop/MyProjects/project-demos/public/gallery/starry/darken.jpg
Image saved to: /Users/darsh/Desktop/MyProjects/project-demos/public/gallery/starry/rgb-split-r.jpg
Image saved to: /Users/darsh/Desktop/MyProjects/project-demos/public/gallery/starry/rgb-split-g.jpg
Image saved to: /Users/darsh/Desktop/MyProjects/project-demos/public/gallery/starry/rgb-split-b.jpg
Image saved to: /Users/darsh/Desktop/MyProjects/project-demos/public/gallery/starry/rgb-combine.jpg
Image saved to: /Users/darsh/Desktop/MyProjects/project-demos/public/gallery/starry/blur.jpg
Image saved to: /Users/darsh/Desktop/MyProjects/project-demos/public/gallery/starry/sharpen.jpg
Image saved to: /Users/darsh/Desktop/MyProjects/project-demos/public/gallery/starry/sepia.jpg
Image saved to: /Users/darsh/Desktop/MyProjects/project-demos/public/gallery/starry/histogram.jpg
Image saved to: /Users/darsh/Desktop/MyProjects/project-demos/public/gallery/starry/color-correct.jpg
Image saved to: /Users/darsh/Desktop/MyProjects/project-demos/public/gallery/starry/levels-adjust.jpg
Image saved to: /Users/darsh/Desktop/MyProjects/project-demos/public/gallery/starry/compress-50.jpg
Image saved to: /Users/darsh/Desktop/MyProjects/project-demos/public/gallery/starry/compress-90.jpg
Image saved to: /Users/darsh/Desktop/MyProjects/project-demos/public/gallery/starry/compress-98.jpg
Image saved to: /Users/darsh/Desktop/MyProjects/project-demos/public/gallery/starry/blur-split.jpg
Image saved to: /Users/darsh/Desktop/MyProjects/project-demos/public/gallery/starry/sepia-split.jpg
Image saved to: /Users/darsh/Desktop/MyProjects/project-demos/public/gallery/starry/luma-split.jpg
Image saved to: /Users/darsh/Desktop/MyProjects/project-demos/public/gallery/starry/levels-split.jpg
