Width of image: 479
Height of image: 640
Image saved to: /Users/darsh/Desktop/MyProjects/project-demos/public/gallery/macaw/red-component.jpg
Image saved to: /Users/darsh/Desktop/MyProjects/project-demos/public/gallery/macaw/green-component.jpg
Image saved to: /Users/darsh/Desktop/MyProjects/project-demos/public/gallery/macaw/blue-component.jpg
Image saved to: /Users/darsh/Desktop/MyProjects/project-demos/public/gallery/macaw/value-component.jpg
Image saved to: /Users/darsh/Desktop/MyProjects/project-demos/public/gallery/macaw/luma-component.jpg
Image saved to: /Users/darsh/Desktop/MyProjects/project-demos/public/gallery/macaw/intensity-component.jpg
Image saved to: /Users/darsh/Desktop/MyProjects/project-demos/public/gallery/macaw/horizontal-flip.jpg
Image saved to: /Users/darsh/Desktop/MyProjects/project-demos/public/gallery/macaw/vertical-flip.jpg
Image saved to: /Users/darsh/Desktop/MyProjects/project-demos/public/gallery/macaw/brighten.jpg
Image saved to: /Users/darsh/Desktop/MyProjects/project-demos/public/gallery/macaw/darken.jpg
Image saved to: /Users/darsh/Desktop/MyProjects/project-demos/public/gallery/macaw/rgb-split-r.jpg
Image saved to: /Users/darsh/Desktop/MyProjects/project-demos/public/gallery/macaw/rgb-split-g.jpg
Image saved to: /Users/darsh/Desktop/MyProjects/project-demos/public/gallery/macaw/rgb-split-b.jpg
Image saved to: /Users/darsh/Desktop/MyProjects/project-demos/public/gallery/macaw/rgb-combine.jpg
Image saved to: /Users/darsh/Desktop/MyProjects/project-demos/public/gallery/macaw/blur.jpg
Image saved to: /Users/darsh/Desktop/MyProjects/project-demos/public/gallery/macaw/sharpen.jpg
Image saved to: /Users/darsh/Desktop/MyProjects/project-demos/public/gallery/macaw/sepia.jpg
Image saved to: /Users/darsh/Desktop/MyProjects/project-demos/public/gallery/macaw/histogram.jpg
Image saved to: /Users/darsh/Desktop/MyProjects/project-demos/public/gallery/macaw/color-correct.jpg
Image saved to: /Users/darsh/Desktop/MyProjects/project-demos/public/gallery/macaw/levels-adjust.jpg
Image saved to: /Users/darsh/Desktop/MyProjects/project-demos/public/gallery/macaw/compress-50.jpg
Image saved to: /Users/darsh/Desktop/MyProjects/project-demos/public/gallery/macaw/compress-90.jpg
Image saved to: /Users/darsh/Desktop/MyProjects/project-demos/public/gallery/macaw/compress-98.jpg
Image saved to: /Users/darsh/Desktop/MyProjects/project-demos/public/gallery/macaw/blur-split.jpg
Image saved to: /Users/darsh/Desktop/MyProjects/project-demos/public/gallery/macaw/sepia-split.jpg
Image saved to: /Users/darsh/Desktop/MyProjects/project-demos/public/gallery/macaw/luma-split.jpg
Image saved to: /Users/darsh/Desktop/MyProjects/project-demos/public/gallery/macaw/levels-split.jpg
